  Determining projects to restore...
  All projects are up-to-date for restore.
  SharedKernel -> C:\Users\paulm\RiderProjects\Proiect_PSSC\SharedKernel\bin\Debug\net8.0\SharedKernel.dll
  Ordering.Domain -> C:\Users\paulm\RiderProjects\Proiect_PSSC\Ordering.Domain\bin\Debug\net8.0\Ordering.Domain.dll
  Shipment.Infrastructure -> C:\Users\paulm\RiderProjects\Proiect_PSSC\Shipment.Infrastructure\bin\Debug\net8.0\Shipment.Infrastructure.dll
  Invoicing.Infrastructure -> C:\Users\paulm\RiderProjects\Proiect_PSSC\Invoicing.Infrastructure\bin\Debug\net8.0\Invoicing.Infrastructure.dll
  Shipment.Domain -> C:\Users\paulm\RiderProjects\Proiect_PSSC\Shipment.Domain\bin\Debug\net8.0\Shipment.Domain.dll
  Ordering.Infrastructure -> C:\Users\paulm\RiderProjects\Proiect_PSSC\Ordering.Infrastructure\bin\Debug\net8.0\Ordering.Infrastructure.dll
  Invoicing.Domain -> C:\Users\paulm\RiderProjects\Proiect_PSSC\Invoicing.Domain\bin\Debug\net8.0\Invoicing.Domain.dll
  Ordering.Api -> C:\Users\paulm\RiderProjects\Proiect_PSSC\Ordering.Api\bin\Debug\net8.0\Ordering.Api.dll

Build succeeded.
    0 Warning(s)
    0 Error(s)

Time Elapsed 00:00:06.65
